// Jest Snapshot v1, https://goo.gl/fbAQLP

exports[`NumberInput renders number input component 1`] = `
<div>
  <div
    class="number-input-container"
  >
    <label
      for="number-label-qdkvzofo"
    >
      my input
    </label>
    <input
      aria-label="number-input"
      id="number-label-qdkvzofo"
      type="text"
      value="15"
    />
  </div>
</div>
`;
